------------------------------------------------------------
Timing Analyzer Summary
------------------------------------------------------------

Type  : Slow 1100mV 85C Model Setup 'clk'
Slack : -2.219
TNS   : -110.954

Type  : Slow 1100mV 85C Model Hold 'clk'
Slack : 0.332
TNS   : 0.000

Type  : Slow 1100mV 85C Model Minimum Pulse Width 'clk'
Slack : -0.394
TNS   : -43.996

Type  : Slow 1100mV 0C Model Setup 'clk'
Slack : -2.261
TNS   : -110.214

Type  : Slow 1100mV 0C Model Hold 'clk'
Slack : 0.309
TNS   : 0.000

Type  : Slow 1100mV 0C Model Minimum Pulse Width 'clk'
Slack : -0.394
TNS   : -39.680

Type  : Fast 1100mV 85C Model Setup 'clk'
Slack : -0.848
TNS   : -33.012

Type  : Fast 1100mV 85C Model Hold 'clk'
Slack : 0.180
TNS   : 0.000

Type  : Fast 1100mV 85C Model Minimum Pulse Width 'clk'
Slack : -0.397
TNS   : -29.052

Type  : Fast 1100mV 0C Model Setup 'clk'
Slack : -0.709
TNS   : -26.701

Type  : Fast 1100mV 0C Model Hold 'clk'
Slack : 0.172
TNS   : 0.000

Type  : Fast 1100mV 0C Model Minimum Pulse Width 'clk'
Slack : -0.435
TNS   : -34.844

------------------------------------------------------------
