------------------------------------------------------------
Timing Analyzer Summary
------------------------------------------------------------

Type  : Slow 1100mV 85C Model Setup 'clk'
Slack : -2.189
TNS   : -103.481

Type  : Slow 1100mV 85C Model Hold 'clk'
Slack : 0.363
TNS   : 0.000

Type  : Slow 1100mV 85C Model Minimum Pulse Width 'clk'
Slack : -0.394
TNS   : -44.545

Type  : Slow 1100mV 0C Model Setup 'clk'
Slack : -2.147
TNS   : -100.579

Type  : Slow 1100mV 0C Model Hold 'clk'
Slack : 0.362
TNS   : 0.000

Type  : Slow 1100mV 0C Model Minimum Pulse Width 'clk'
Slack : -0.394
TNS   : -40.668

Type  : Fast 1100mV 85C Model Setup 'clk'
Slack : -0.747
TNS   : -28.279

Type  : Fast 1100mV 85C Model Hold 'clk'
Slack : 0.181
TNS   : 0.000

Type  : Fast 1100mV 85C Model Minimum Pulse Width 'clk'
Slack : -0.401
TNS   : -30.035

Type  : Fast 1100mV 0C Model Setup 'clk'
Slack : -0.631
TNS   : -22.198

Type  : Fast 1100mV 0C Model Hold 'clk'
Slack : 0.172
TNS   : 0.000

Type  : Fast 1100mV 0C Model Minimum Pulse Width 'clk'
Slack : -0.436
TNS   : -35.590

------------------------------------------------------------
