------------------------------------------------------------
Timing Analyzer Summary
------------------------------------------------------------

Type  : Slow 1100mV 85C Model Setup 'clk'
Slack : -2.186
TNS   : -111.080

Type  : Slow 1100mV 85C Model Hold 'clk'
Slack : 0.366
TNS   : 0.000

Type  : Slow 1100mV 85C Model Minimum Pulse Width 'clk'
Slack : -0.394
TNS   : -45.481

Type  : Slow 1100mV 0C Model Setup 'clk'
Slack : -2.142
TNS   : -108.969

Type  : Slow 1100mV 0C Model Hold 'clk'
Slack : 0.368
TNS   : 0.000

Type  : Slow 1100mV 0C Model Minimum Pulse Width 'clk'
Slack : -0.394
TNS   : -41.403

Type  : Fast 1100mV 85C Model Setup 'clk'
Slack : -0.764
TNS   : -32.375

Type  : Fast 1100mV 85C Model Hold 'clk'
Slack : 0.180
TNS   : 0.000

Type  : Fast 1100mV 85C Model Minimum Pulse Width 'clk'
Slack : -0.401
TNS   : -30.478

Type  : Fast 1100mV 0C Model Setup 'clk'
Slack : -0.633
TNS   : -25.785

Type  : Fast 1100mV 0C Model Hold 'clk'
Slack : 0.171
TNS   : 0.000

Type  : Fast 1100mV 0C Model Minimum Pulse Width 'clk'
Slack : -0.436
TNS   : -36.192

------------------------------------------------------------
